Calculating task graph as no cached configuration is available for tasks: :core:database:compileDebugKotlin :core:data:compileDebugKotlin

> Configure project :app
WARNING: The option setting 'android.overridePathCheck=true' is experimental.
The current default is 'false'.
Add android.sync.suppressAgpWarnings=UNSUPPORTED_PROJECT_OPTION_USE to the gradle.properties file to suppress this warning.
WARNING: BuildType 'internal' is both debuggable and has 'isMinifyEnabled' set to true.
All code optimizations and obfuscation are disabled for debuggable builds.
Add android.sync.suppressAgpWarnings=DEBUGGABLE_AND_MINIFIED_ENABLED to the gradle.properties file to suppress this warning.
WARNING: BuildType 'internal' is both debuggable and has 'isMinifyEnabled' set to true.
All code optimizations and obfuscation are disabled for debuggable builds.
Add android.sync.suppressAgpWarnings=DEBUGGABLE_AND_MINIFIED_ENABLED to the gradle.properties file to suppress this warning.

> Task :core:data:preBuild UP-TO-DATE
> Task :core:database:preBuild UP-TO-DATE
> Task :core:domain:checkKotlinGradlePluginConfigurationErrors SKIPPED
> Task :core:model:checkKotlinGradlePluginConfigurationErrors SKIPPED
> Task :core:data:preDebugBuild UP-TO-DATE
> Task :core:model:processResources NO-SOURCE
> Task :core:database:preDebugBuild UP-TO-DATE
> Task :core:domain:processResources NO-SOURCE
> Task :core:database:processDebugNavigationResources UP-TO-DATE
> Task :core:database:generateDebugResources UP-TO-DATE
> Task :core:model:compileKotlin UP-TO-DATE
> Task :core:data:processDebugNavigationResources UP-TO-DATE
> Task :core:data:generateDebugResources UP-TO-DATE
> Task :core:model:compileJava NO-SOURCE
> Task :core:model:classes UP-TO-DATE
> Task :core:model:jar UP-TO-DATE
> Task :core:database:packageDebugResources UP-TO-DATE
> Task :core:data:packageDebugResources UP-TO-DATE
> Task :core:domain:compileKotlin UP-TO-DATE
> Task :core:database:javaPreCompileDebug UP-TO-DATE
> Task :core:domain:compileJava NO-SOURCE
> Task :core:domain:classes UP-TO-DATE
> Task :core:domain:jar UP-TO-DATE
> Task :core:database:parseDebugLocalResources UP-TO-DATE
> Task :core:data:parseDebugLocalResources UP-TO-DATE
> Task :core:database:generateDebugRFile UP-TO-DATE
> Task :core:data:generateDebugRFile UP-TO-DATE

> Task :core:database:kspDebugKotlin






















































































































































































































































































































































































































































































































































































































































































































































































































































































































































































































































































































































































































































































































































































































































































































































































































































































































































































































































































































































































































































































































































































































































































































































































































































































































































































































































































































































































































































































































































































































































































































































































































































































































































































































































































































































































































































































































































































































































































































































































































































































































































































































































































































































































































































































































































































































































































































































































































































































































































































































































































































> Task :core:database:compileDebugKotlin FAILED
e: file:///D:/智能错题本/core/database/src/main/kotlin/com/tingyun/smartmistakebook/core/database/RoomStudyDatabase.kt:54:10 Class 'RoomStudyDatabase' is not abstract and does not implement abstract members:
suspend fun importKnowledgeNodeRelations(subject: String, relations: List<KnowledgeNodeRelationRecord>): Unit
suspend fun importKnowledgeTeachingMaterials(subject: String, materials: List<KnowledgeTeachingMaterialRecord>): Unit
suspend fun importKnowledgeBase(subject: String, nodes: List<KnowledgeNodeSeedRecord>, sources: List<KnowledgeSourceSeedRecord>): Unit
suspend fun applyReviewedKnowledgePack(subject: String, nodes: List<KnowledgeNodeSeedRecord>, relations: List<KnowledgeNodeRelationRecord>): Unit
suspend fun applyApprovedKnowledgeResearchPack(subject: String, nodes: List<KnowledgeNodeSeedRecord>): Unit
fun observePendingKnowledgeGroundingRequests(): Flow<List<Any>>
fun observePendingKnowledgeGroundingSummaries(): Flow<List<Any>>
suspend fun readPendingKnowledgeResearchReviewBundles(): List<KnowledgeResearchReviewBundleRecord>
suspend fun decideKnowledgeResearchReviewBundle(bundleId: String, decision: String, decisionNote: String?, decidedAtEpochMillis: Long): Unit
suspend fun recordKnowledgeGroundingRequests(requests: List<Any>): Unit
suspend fun resolveKnowledgeGrounding(requestId: String, resolution: String, resolvedAtEpochMillis: Long): Unit
suspend fun createTutorConversation(conversationId: String, anchorKind: String, anchorId: String?, anchorRevisionId: String?, title: String?, createdAtEpochMillis: Long): Unit
suspend fun appendTutorStudentMessage(conversationId: String, messageId: String, ordinal: Int, bodyMarkdown: String, createdAtEpochMillis: Long): Unit
suspend fun appendTutorAssistantMessage(conversationId: String, messageId: String, ordinal: Int, bodyMarkdown: String, logicalOperationId: String?, createdAtEpochMillis: Long): Unit
suspend fun updateTutorMessageStatus(messageId: String, status: String, completedAtEpochMillis: Long?, errorCode: String?): Unit
suspend fun saveTutorConversationDraft(conversationId: String, draft: String?, updatedAtEpochMillis: Long): Unit
e: file:///D:/智能错题本/core/database/src/main/kotlin/com/tingyun/smartmistakebook/core/database/RoomStudyDatabase.kt:414:5 'importKnowledgeNodeRelations' overrides nothing. Potential signatures for overriding:
suspend fun importKnowledgeNodeRelations(subject: String, relations: List<KnowledgeNodeRelationRecord>): Unit
e: file:///D:/智能错题本/core/database/src/main/kotlin/com/tingyun/smartmistakebook/core/database/RoomStudyDatabase.kt:440:5 'importKnowledgeTeachingMaterials' overrides nothing. Potential signatures for overriding:
suspend fun importKnowledgeTeachingMaterials(subject: String, materials: List<KnowledgeTeachingMaterialRecord>): Unit
e: file:///D:/智能错题本/core/database/src/main/kotlin/com/tingyun/smartmistakebook/core/database/RoomStudyDatabase.kt:502:5 'importKnowledgeBase' overrides nothing. Potential signatures for overriding:
suspend fun importKnowledgeBase(subject: String, nodes: List<KnowledgeNodeSeedRecord>, sources: List<KnowledgeSourceSeedRecord>): Unit
e: file:///D:/智能错题本/core/database/src/main/kotlin/com/tingyun/smartmistakebook/core/database/RoomStudyDatabase.kt:523:5 'applyReviewedKnowledgePack' overrides nothing. Potential signatures for overriding:
suspend fun applyReviewedKnowledgePack(subject: String, nodes: List<KnowledgeNodeSeedRecord>, relations: List<KnowledgeNodeRelationRecord>): Unit
e: file:///D:/智能错题本/core/database/src/main/kotlin/com/tingyun/smartmistakebook/core/database/RoomStudyDatabase.kt:529:5 'applyApprovedKnowledgeResearchPack' overrides nothing. Potential signatures for overriding:
suspend fun applyApprovedKnowledgeResearchPack(subject: String, nodes: List<KnowledgeNodeSeedRecord>): Unit
e: file:///D:/智能错题本/core/database/src/main/kotlin/com/tingyun/smartmistakebook/core/database/RoomStudyDatabase.kt:645:5 'observePendingKnowledgeGroundingRequests' overrides nothing. Potential signatures for overriding:
fun observePendingKnowledgeGroundingRequests(): Flow<List<Any>>
e: file:///D:/智能错题本/core/database/src/main/kotlin/com/tingyun/smartmistakebook/core/database/RoomStudyDatabase.kt:654:5 'observePendingKnowledgeGroundingSummaries' overrides nothing. Potential signatures for overriding:
fun observePendingKnowledgeGroundingSummaries(): Flow<List<Any>>
e: file:///D:/智能错题本/core/database/src/main/kotlin/com/tingyun/smartmistakebook/core/database/RoomStudyDatabase.kt:672:5 'readPendingKnowledgeResearchReviewBundles' overrides nothing. Potential signatures for overriding:
suspend fun readPendingKnowledgeResearchReviewBundles(): List<KnowledgeResearchReviewBundleRecord>
e: file:///D:/智能错题本/core/database/src/main/kotlin/com/tingyun/smartmistakebook/core/database/RoomStudyDatabase.kt:682:5 'decideKnowledgeResearchReviewBundle' overrides nothing. Potential signatures for overriding:
suspend fun decideKnowledgeResearchReviewBundle(bundleId: String, decision: String, decisionNote: String?, decidedAtEpochMillis: Long): Unit
e: file:///D:/智能错题本/core/database/src/main/kotlin/com/tingyun/smartmistakebook/core/database/RoomStudyDatabase.kt:687:5 'recordKnowledgeGroundingRequests' overrides nothing. Potential signatures for overriding:
suspend fun recordKnowledgeGroundingRequests(requests: List<Any>): Unit
e: file:///D:/智能错题本/core/database/src/main/kotlin/com/tingyun/smartmistakebook/core/database/RoomStudyDatabase.kt:696:5 'resolveKnowledgeGrounding' overrides nothing. Potential signatures for overriding:
suspend fun resolveKnowledgeGrounding(requestId: String, resolution: String, resolvedAtEpochMillis: Long): Unit
e: file:///D:/智能错题本/core/database/src/main/kotlin/com/tingyun/smartmistakebook/core/database/RoomStudyDatabase.kt:835:5 'createBatchImportJob' overrides nothing.
e: file:///D:/智能错题本/core/database/src/main/kotlin/com/tingyun/smartmistakebook/core/database/RoomStudyDatabase.kt:839:5 'readBatchImportJob' overrides nothing.
e: file:///D:/智能错题本/core/database/src/main/kotlin/com/tingyun/smartmistakebook/core/database/RoomStudyDatabase.kt:842:5 'updateBatchImportJobStatus' overrides nothing.
e: file:///D:/智能错题本/core/database/src/main/kotlin/com/tingyun/smartmistakebook/core/database/RoomStudyDatabase.kt:854:5 'requeueInterruptedBatchImportPages' overrides nothing.
e: file:///D:/智能错题本/core/database/src/main/kotlin/com/tingyun/smartmistakebook/core/database/RoomStudyDatabase.kt:859:5 'claimNextBatchImportPage' overrides nothing.
e: file:///D:/智能错题本/core/database/src/main/kotlin/com/tingyun/smartmistakebook/core/database/RoomStudyDatabase.kt:864:5 'completeBatchImportPage' overrides nothing.
e: file:///D:/智能错题本/core/database/src/main/kotlin/com/tingyun/smartmistakebook/core/database/RoomStudyDatabase.kt:871:5 'claimBatchImportBoundary' overrides nothing.
e: file:///D:/智能错题本/core/database/src/main/kotlin/com/tingyun/smartmistakebook/core/database/RoomStudyDatabase.kt:877:5 'requeueInterruptedBatchImportBoundaries' overrides nothing.
e: file:///D:/智能错题本/core/database/src/main/kotlin/com/tingyun/smartmistakebook/core/database/RoomStudyDatabase.kt:882:5 'resolveBatchImportBoundary' overrides nothing.
e: file:///D:/智能错题本/core/database/src/main/kotlin/com/tingyun/smartmistakebook/core/database/RoomStudyDatabase.kt:977:5 'failBatchImportBoundary' overrides nothing.
e: file:///D:/智能错题本/core/database/src/main/kotlin/com/tingyun/smartmistakebook/core/database/RoomStudyDatabase.kt:983:5 'failBatchImportPage' overrides nothing.
e: file:///D:/智能错题本/core/database/src/main/kotlin/com/tingyun/smartmistakebook/core/database/RoomStudyDatabase.kt:990:5 'retryBatchImportPage' overrides nothing.
e: file:///D:/智能错题本/core/database/src/main/kotlin/com/tingyun/smartmistakebook/core/database/RoomStudyDatabase.kt:996:5 'skipBatchImportPage' overrides nothing.
e: file:///D:/智能错题本/core/database/src/main/kotlin/com/tingyun/smartmistakebook/core/database/RoomStudyDatabase.kt:1002:5 'finishBatchImportIfSettled' overrides nothing.
e: file:///D:/智能错题本/core/database/src/main/kotlin/com/tingyun/smartmistakebook/core/database/RoomStudyDatabase.kt:1007:5 'hasRetainedBatchImportSourceUri' overrides nothing.
e: file:///D:/智能错题本/core/database/src/main/kotlin/com/tingyun/smartmistakebook/core/database/RoomStudyDatabase.kt:1097:5 'createTutorConversation' overrides nothing. Potential signatures for overriding:
suspend fun createTutorConversation(conversationId: String, anchorKind: String, anchorId: String?, anchorRevisionId: String?, title: String?, createdAtEpochMillis: Long): Unit
e: file:///D:/智能错题本/core/database/src/main/kotlin/com/tingyun/smartmistakebook/core/database/RoomStudyDatabase.kt:1101:5 'appendTutorStudentMessage' overrides nothing. Potential signatures for overriding:
suspend fun appendTutorStudentMessage(conversationId: String, messageId: String, ordinal: Int, bodyMarkdown: String, createdAtEpochMillis: Long): Unit
e: file:///D:/智能错题本/core/database/src/main/kotlin/com/tingyun/smartmistakebook/core/database/RoomStudyDatabase.kt:1105:5 'appendTutorAssistantMessage' overrides nothing. Potential signatures for overriding:
suspend fun appendTutorAssistantMessage(conversationId: String, messageId: String, ordinal: Int, bodyMarkdown: String, logicalOperationId: String?, createdAtEpochMillis: Long): Unit
e: file:///D:/智能错题本/core/database/src/main/kotlin/com/tingyun/smartmistakebook/core/database/RoomStudyDatabase.kt:1109:5 'updateTutorMessageStatus' overrides nothing. Potential signatures for overriding:
suspend fun updateTutorMessageStatus(messageId: String, status: String, completedAtEpochMillis: Long?, errorCode: String?): Unit
e: file:///D:/智能错题本/core/database/src/main/kotlin/com/tingyun/smartmistakebook/core/database/RoomStudyDatabase.kt:1116:8 Return type of 'suspend fun pauseTutorConversation(conversationId: String, updatedAtEpochMillis: Long): TutorConversationRecord' is not a subtype of the return type of the overridden member 'suspend fun pauseTutorConversation(conversationId: String, updatedAtEpochMillis: Long): Unit' defined in 'com.tingyun.smartmistakebook.core.database.port.TutorWritePort'.
e: file:///D:/智能错题本/core/database/src/main/kotlin/com/tingyun/smartmistakebook/core/database/RoomStudyDatabase.kt:1124:8 Return type of 'suspend fun archiveTutorConversation(conversationId: String, updatedAtEpochMillis: Long): TutorConversationRecord' is not a subtype of the return type of the overridden member 'suspend fun archiveTutorConversation(conversationId: String, updatedAtEpochMillis: Long): Unit' defined in 'com.tingyun.smartmistakebook.core.database.port.TutorWritePort'.
e: file:///D:/智能错题本/core/database/src/main/kotlin/com/tingyun/smartmistakebook/core/database/RoomStudyDatabase.kt:1133:5 'saveTutorConversationDraft' overrides nothing. Potential signatures for overriding:
suspend fun saveTutorConversationDraft(conversationId: String, draft: String?, updatedAtEpochMillis: Long): Unit
e: file:///D:/智能错题本/core/database/src/main/kotlin/com/tingyun/smartmistakebook/core/database/dao/LearningDaoMappings.kt:561:29 No parameter with name 'isStudyDayTrusted' found.

> Task :core:database:copyRoomSchemas NO-SOURCE

FAILURE: Build failed with an exception.

* What went wrong:
Execution failed for task ':core:database:compileDebugKotlin' (registered by plugin 'com.android.internal.library').
> A failure occurred while executing org.jetbrains.kotlin.compilerRunner.btapi.BuildToolsApiCompilationWork
   > Compilation error. See log for more details

* Try:
> Run with --stacktrace option to get the stack trace.
> Run with --info or --debug option to get more log output.
> Run with --scan to get full insights from a Build Scan (powered by Develocity).
> Get more help at https://help.gradle.org.

BUILD FAILED in 31s
17 actionable tasks: 2 executed, 15 up-to-date
Configuration cache entry stored.
