Starting a Gradle Daemon (subsequent builds will be faster)
Calculating task graph as configuration cache cannot be reused because file 'core\domain\build.gradle.kts' has changed.

> Configure project :app
WARNING: The option setting 'android.overridePathCheck=true' is experimental.
The current default is 'false'.
Add android.sync.suppressAgpWarnings=UNSUPPORTED_PROJECT_OPTION_USE to the gradle.properties file to suppress this warning.
WARNING: BuildType 'internal' is both debuggable and has 'isMinifyEnabled' set to true.
All code optimizations and obfuscation are disabled for debuggable builds.
Add android.sync.suppressAgpWarnings=DEBUGGABLE_AND_MINIFIED_ENABLED to the gradle.properties file to suppress this warning.
WARNING: BuildType 'internal' is both debuggable and has 'isMinifyEnabled' set to true.
All code optimizations and obfuscation are disabled for debuggable builds.
Add android.sync.suppressAgpWarnings=DEBUGGABLE_AND_MINIFIED_ENABLED to the gradle.properties file to suppress this warning.

> Task :core:model:checkKotlinGradlePluginConfigurationErrors SKIPPED
> Task :core:domain:checkKotlinGradlePluginConfigurationErrors SKIPPED
> Task :core:data:preBuild UP-TO-DATE
> Task :core:database:preBuild UP-TO-DATE
> Task :core:database:preDebugBuild UP-TO-DATE
> Task :core:data:preDebugBuild UP-TO-DATE
> Task :core:domain:processResources NO-SOURCE
> Task :core:model:processResources NO-SOURCE
> Task :core:database:javaPreCompileDebug UP-TO-DATE
> Task :core:database:processDebugNavigationResources UP-TO-DATE
> Task :core:database:generateDebugResources UP-TO-DATE
> Task :core:data:generateDebugResources UP-TO-DATE
> Task :core:data:processDebugNavigationResources UP-TO-DATE
> Task :core:data:packageDebugResources UP-TO-DATE
> Task :core:database:packageDebugResources UP-TO-DATE
> Task :core:model:compileKotlin UP-TO-DATE
> Task :core:model:compileJava NO-SOURCE
> Task :core:model:classes UP-TO-DATE
> Task :core:database:parseDebugLocalResources UP-TO-DATE
> Task :core:data:parseDebugLocalResources UP-TO-DATE
> Task :core:database:generateDebugRFile UP-TO-DATE
> Task :core:data:generateDebugRFile UP-TO-DATE
> Task :core:model:jar UP-TO-DATE

> Task :core:database:kspDebugKotlin






















































































































































































































































































































































































































































































































































































































































































































































































































































































































































































































































































































































































































































































































































































































































































































































































































































































































































































































































































































































































































































































































































































































































































































































































































































































































































































































































































































































































































































































































































































































































































































































































































































































































































































































































































































































































































































































































































































































































































































































































































































































































































































































































































































































































































































































































































































































































































































































































































































































































































































































































































































> Task :core:domain:compileKotlin
w: file:///D:/智能错题本/core/domain/src/main/kotlin/com/tingyun/smartmistakebook/core/domain/ReviewPlanner.kt:29:10 Redundant call of conversion method.
w: file:///D:/智能错题本/core/domain/src/main/kotlin/com/tingyun/smartmistakebook/core/domain/ReviewPlannerV2.kt:398:20 Unnecessary non-null assertion (!!) on a non-null receiver of type 'ProblemMemoryState'.

> Task :core:domain:compileJava NO-SOURCE
> Task :core:domain:classes UP-TO-DATE
> Task :core:domain:jar

> Task :core:database:compileDebugKotlin
e: file:///D:/智能错题本/core/database/src/main/kotlin/com/tingyun/smartmistakebook/core/database/RoomStudyDatabase.kt:54:10 Class 'RoomStudyDatabase' is not abstract and does not implement abstract members:
suspend fun importKnowledgeNodeRelations(subject: String, relations: List<KnowledgeNodeRelationRecord>): Unit
suspend fun importKnowledgeTeachingMaterials(subject: String, materials: List<KnowledgeTeachingMaterialRecord>): Unit
suspend fun importKnowledgeBase(subject: String, nodes: List<KnowledgeNodeSeedRecord>, sources: List<KnowledgeSourceSeedRecord>): Unit
suspend fun applyReviewedKnowledgePack(subject: String, nodes: List<KnowledgeNodeSeedRecord>, relations: List<KnowledgeNodeRelationRecord>): Unit
suspend fun applyApprovedKnowledgeResearchPack(subject: String, nodes: List<KnowledgeNodeSeedRecord>): Unit
fun observePendingKnowledgeGroundingRequests(): Flow<List<Any>>
fun observePendingKnowledgeGroundingSummaries(): Flow<List<Any>>
suspend fun readPendingKnowledgeResearchReviewBundles(): List<KnowledgeResearchReviewBundleRecord>
suspend fun decideKnowledgeResearchReviewBundle(bundleId: String, decision: String, decisionNote: String?, decidedAtEpochMillis: Long): Unit
suspend fun recordKnowledgeGroundingRequests(requests: List<Any>): Unit
suspend fun resolveKnowledgeGrounding(requestId: String, resolution: String, resolvedAtEpochMillis: Long): Unit
suspend fun createTutorConversation(conversationId: String, anchorKind: String, anchorId: String?, anchorRevisionId: String?, title: String?, createdAtEpochMillis: Long): Unit
suspend fun appendTutorStudentMessage(conversationId: String, messageId: String, ordinal: Int, bodyMarkdown: String, createdAtEpochMillis: Long): Unit
suspend fun appendTutorAssistantMessage(conversationId: String, messageId: String, ordinal: Int, bodyMarkdown: String, logicalOperationId: String?, createdAtEpochMillis: Long): Unit
suspend fun updateTutorMessageStatus(messageId: String, status: String, completedAtEpochMillis: Long?, errorCode: String?): Unit
suspend fun saveTutorConversationDraft(conversationId: String, draft: String?, updatedAtEpochMillis: Long): Unit
suspend fun upsertKnowledgeNode(node: KnowledgeNodeRecord): Unit
suspend fun getKnowledgeNode(id: String): KnowledgeNodeRecord?
suspend fun getAllKnowledgeNodes(): List<KnowledgeNodeRecord>
suspend fun getKnowledgeNodesBySubject(subjectId: String): List<KnowledgeNodeRecord>
suspend fun getKnowledgeNodesByTopic(topicId: String): List<KnowledgeNodeRecord>
suspend fun upsertKnowledgePointDetail(detail: KnowledgePointDetailRecord): Unit
suspend fun getKnowledgePointDetail(knowledgeNodeId: String): KnowledgePointDetailRecord?
e: file:///D:/智能错题本/core/database/src/main/kotlin/com/tingyun/smartmistakebook/core/database/RoomStudyDatabase.kt:245:26 Unresolved reference 'File'.
e: file:///D:/智能错题本/core/database/src/main/kotlin/com/tingyun/smartmistakebook/core/database/RoomStudyDatabase.kt:245:31 Function invocation 'context(...)' expected.
e: file:///D:/智能错题本/core/database/src/main/kotlin/com/tingyun/smartmistakebook/core/database/RoomStudyDatabase.kt:245:39 Unresolved reference 'cacheDir'.
e: file:///D:/智能错题本/core/database/src/main/kotlin/com/tingyun/smartmistakebook/core/database/RoomStudyDatabase.kt:432:5 'importKnowledgeNodeRelations' overrides nothing. Potential signatures for overriding:
suspend fun importKnowledgeNodeRelations(subject: String, relations: List<KnowledgeNodeRelationRecord>): Unit
e: file:///D:/智能错题本/core/database/src/main/kotlin/com/tingyun/smartmistakebook/core/database/RoomStudyDatabase.kt:458:5 'importKnowledgeTeachingMaterials' overrides nothing. Potential signatures for overriding:
suspend fun importKnowledgeTeachingMaterials(subject: String, materials: List<KnowledgeTeachingMaterialRecord>): Unit
e: file:///D:/智能错题本/core/database/src/main/kotlin/com/tingyun/smartmistakebook/core/database/RoomStudyDatabase.kt:520:5 'importKnowledgeBase' overrides nothing. Potential signatures for overriding:
suspend fun importKnowledgeBase(subject: String, nodes: List<KnowledgeNodeSeedRecord>, sources: List<KnowledgeSourceSeedRecord>): Unit
e: file:///D:/智能错题本/core/database/src/main/kotlin/com/tingyun/smartmistakebook/core/database/RoomStudyDatabase.kt:541:5 'applyReviewedKnowledgePack' overrides nothing. Potential signatures for overriding:
suspend fun applyReviewedKnowledgePack(subject: String, nodes: List<KnowledgeNodeSeedRecord>, relations: List<KnowledgeNodeRelationRecord>): Unit
e: file:///D:/智能错题本/core/database/src/main/kotlin/com/tingyun/smartmistakebook/core/database/RoomStudyDatabase.kt:547:5 'applyApprovedKnowledgeResearchPack' overrides nothing. Potential signatures for overriding:
suspend fun applyApprovedKnowledgeResearchPack(subject: String, nodes: List<KnowledgeNodeSeedRecord>): Unit
e: file:///D:/智能错题本/core/database/src/main/kotlin/com/tingyun/smartmistakebook/core/database/RoomStudyDatabase.kt:663:5 'observePendingKnowledgeGroundingRequests' overrides nothing. Potential signatures for overriding:
fun observePendingKnowledgeGroundingRequests(): Flow<List<Any>>
e: file:///D:/智能错题本/core/database/src/main/kotlin/com/tingyun/smartmistakebook/core/database/RoomStudyDatabase.kt:672:5 'observePendingKnowledgeGroundingSummaries' overrides nothing. Potential signatures for overriding:
fun observePendingKnowledgeGroundingSummaries(): Flow<List<Any>>
e: file:///D:/智能错题本/core/database/src/main/kotlin/com/tingyun/smartmistakebook/core/database/RoomStudyDatabase.kt:690:5 'readPendingKnowledgeResearchReviewBundles' overrides nothing. Potential signatures for overriding:
suspend fun readPendingKnowledgeResearchReviewBundles(): List<KnowledgeResearchReviewBundleRecord>
e: file:///D:/智能错题本/core/database/src/main/kotlin/com/tingyun/smartmistakebook/core/database/RoomStudyDatabase.kt:700:5 'decideKnowledgeResearchReviewBundle' overrides nothing. Potential signatures for overriding:
suspend fun decideKnowledgeResearchReviewBundle(bundleId: String, decision: String, decisionNote: String?, decidedAtEpochMillis: Long): Unit
e: file:///D:/智能错题本/core/database/src/main/kotlin/com/tingyun/smartmistakebook/core/database/RoomStudyDatabase.kt:705:5 'recordKnowledgeGroundingRequests' overrides nothing. Potential signatures for overriding:
suspend fun recordKnowledgeGroundingRequests(requests: List<Any>): Unit
e: file:///D:/智能错题本/core/database/src/main/kotlin/com/tingyun/smartmistakebook/core/database/RoomStudyDatabase.kt:714:5 'resolveKnowledgeGrounding' overrides nothing. Potential signatures for overriding:
suspend fun resolveKnowledgeGrounding(requestId: String, resolution: String, resolvedAtEpochMillis: Long): Unit
e: file:///D:/智能错题本/core/database/src/main/kotlin/com/tingyun/smartmistakebook/core/database/RoomStudyDatabase.kt:853:5 'createBatchImportJob' overrides nothing.
e: file:///D:/智能错题本/core/database/src/main/kotlin/com/tingyun/smartmistakebook/core/database/RoomStudyDatabase.kt:857:5 'readBatchImportJob' overrides nothing.
e: file:///D:/智能错题本/core/database/src/main/kotlin/com/tingyun/smartmistakebook/core/database/RoomStudyDatabase.kt:860:5 'updateBatchImportJobStatus' overrides nothing.
e: file:///D:/智能错题本/core/database/src/main/kotlin/com/tingyun/smartmistakebook/core/database/RoomStudyDatabase.kt:872:5 'requeueInterruptedBatchImportPages' overrides nothing.
e: file:///D:/智能错题本/core/database/src/main/kotlin/com/tingyun/smartmistakebook/core/database/RoomStudyDatabase.kt:877:5 'claimNextBatchImportPage' overrides nothing.
e: file:///D:/智能错题本/core/database/src/main/kotlin/com/tingyun/smartmistakebook/core/database/RoomStudyDatabase.kt:882:5 'completeBatchImportPage' overrides nothing.
e: file:///D:/智能错题本/core/database/src/main/kotlin/com/tingyun/smartmistakebook/core/database/RoomStudyDatabase.kt:889:5 'claimBatchImportBoundary' overrides nothing.
e: file:///D:/智能错题本/core/database/src/main/kotlin/com/tingyun/smartmistakebook/core/database/RoomStudyDatabase.kt:895:5 'requeueInterruptedBatchImportBoundaries' overrides nothing.
e: file:///D:/智能错题本/core/database/src/main/kotlin/com/tingyun/smartmistakebook/core/database/RoomStudyDatabase.kt:900:5 'resolveBatchImportBoundary' overrides nothing.
e: file:///D:/智能错题本/core/database/src/main/kotlin/com/tingyun/smartmistakebook/core/database/RoomStudyDatabase.kt:995:5 'failBatchImportBoundary' overrides nothing.
e: file:///D:/智能错题本/core/database/src/main/kotlin/com/tingyun/smartmistakebook/core/database/RoomStudyDatabase.kt:1001:5 'failBatchImportPage' overrides nothing.
e: file:///D:/智能错题本/core/database/src/main/kotlin/com/tingyun/smartmistakebook/core/database/RoomStudyDatabase.kt:1008:5 'retryBatchImportPage' overrides nothing.
e: file:///D:/智能错题本/core/database/src/main/kotlin/com/tingyun/smartmistakebook/core/database/RoomStudyDatabase.kt:1014:5 'skipBatchImportPage' overrides nothing.
e: file:///D:/智能错题本/core/database/src/main/kotlin/com/tingyun/smartmistakebook/core/database/RoomStudyDatabase.kt:1020:5 'finishBatchImportIfSettled' overrides nothing.
e: file:///D:/智能错题本/core/database/src/main/kotlin/com/tingyun/smartmistakebook/core/database/RoomStudyDatabase.kt:1025:5 'hasRetainedBatchImportSourceUri' overrides nothing.
e: file:///D:/智能错题本/core/database/src/main/kotlin/com/tingyun/smartmistakebook/core/database/RoomStudyDatabase.kt:1115:5 'createTutorConversation' overrides nothing. Potential signatures for overriding:
suspend fun createTutorConversation(conversationId: String, anchorKind: String, anchorId: String?, anchorRevisionId: String?, title: String?, createdAtEpochMillis: Long): Unit
e: file:///D:/智能错题本/core/database/src/main/kotlin/com/tingyun/smartmistakebook/core/database/RoomStudyDatabase.kt:1119:5 'appendTutorStudentMessage' overrides nothing. Potential signatures for overriding:
suspend fun appendTutorStudentMessage(conversationId: String, messageId: String, ordinal: Int, bodyMarkdown: String, createdAtEpochMillis: Long): Unit
e: file:///D:/智能错题本/core/database/src/main/kotlin/com/tingyun/smartmistakebook/core/database/RoomStudyDatabase.kt:1123:5 'appendTutorAssistantMessage' overrides nothing. Potential signatures for overriding:
suspend fun appendTutorAssistantMessage(conversationId: String, messageId: String, ordinal: Int, bodyMarkdown: String, logicalOperationId: String?, createdAtEpochMillis: Long): Unit
e: file:///D:/智能错题本/core/database/src/main/kotlin/com/tingyun/smartmistakebook/core/database/RoomStudyDatabase.kt:1127:5 'updateTutorMessageStatus' overrides nothing. Potential signatures for overriding:
suspend fun updateTutorMessageStatus(messageId: String, status: String, completedAtEpochMillis: Long?, errorCode: String?): Unit
e: file:///D:/智能错题本/core/database/src/main/kotlin/com/tingyun/smartmistakebook/core/database/RoomStudyDatabase.kt:1134:8 Return type of 'suspend fun pauseTutorConversation(conversationId: String, updatedAtEpochMillis: Long): TutorConversationRecord' is not a subtype of the return type of the overridden member 'suspend fun pauseTutorConversation(conversationId: String, updatedAtEpochMillis: Long): Unit' defined in 'com.tingyun.smartmistakebook.core.database.port.TutorWritePort'.
e: file:///D:/智能错题本/core/database/src/main/kotlin/com/tingyun/smartmistakebook/core/database/RoomStudyDatabase.kt:1142:8 Return type of 'suspend fun archiveTutorConversation(conversationId: String, updatedAtEpochMillis: Long): TutorConversationRecord' is not a subtype of the return type of the overridden member 'suspend fun archiveTutorConversation(conversationId: String, updatedAtEpochMillis: Long): Unit' defined in 'com.tingyun.smartmistakebook.core.database.port.TutorWritePort'.
e: file:///D:/智能错题本/core/database/src/main/kotlin/com/tingyun/smartmistakebook/core/database/RoomStudyDatabase.kt:1151:5 'saveTutorConversationDraft' overrides nothing. Potential signatures for overriding:
suspend fun saveTutorConversationDraft(conversationId: String, draft: String?, updatedAtEpochMillis: Long): Unit
e: file:///D:/智能错题本/core/database/src/main/kotlin/com/tingyun/smartmistakebook/core/database/RoomStudyDatabase.kt:2370:1 Modifier 'override' is not applicable to 'top level function'.
e: file:///D:/智能错题本/core/database/src/main/kotlin/com/tingyun/smartmistakebook/core/database/RoomStudyDatabase.kt:2371:5 Unresolved reference 'database'.
e: file:///D:/智能错题本/core/database/src/main/kotlin/com/tingyun/smartmistakebook/core/database/RoomStudyDatabase.kt:2375:13 No parameter with name 'definition' found.
e: file:///D:/智能错题本/core/database/src/main/kotlin/com/tingyun/smartmistakebook/core/database/RoomStudyDatabase.kt:2376:13 No parameter with name 'subjectId' found.
e: file:///D:/智能错题本/core/database/src/main/kotlin/com/tingyun/smartmistakebook/core/database/RoomStudyDatabase.kt:2377:13 No parameter with name 'topicId' found.
e: file:///D:/智能错题本/core/database/src/main/kotlin/com/tingyun/smartmistakebook/core/database/RoomStudyDatabase.kt:2378:13 No parameter with name 'moduleId' found.
e: file:///D:/智能错题本/core/database/src/main/kotlin/com/tingyun/smartmistakebook/core/database/RoomStudyDatabase.kt:2379:13 No parameter with name 'educationLevel' found.
e: file:///D:/智能错题本/core/database/src/main/kotlin/com/tingyun/smartmistakebook/core/database/RoomStudyDatabase.kt:2381:13 No parameter with name 'updatedAtEpochMillis' found.
e: file:///D:/智能错题本/core/database/src/main/kotlin/com/tingyun/smartmistakebook/core/database/RoomStudyDatabase.kt:2381:13 No value passed for parameter 'stableCode'.
e: file:///D:/智能错题本/core/database/src/main/kotlin/com/tingyun/smartmistakebook/core/database/RoomStudyDatabase.kt:2381:13 No value passed for parameter 'subject'.
e: file:///D:/智能错题本/core/database/src/main/kotlin/com/tingyun/smartmistakebook/core/database/RoomStudyDatabase.kt:2381:13 No value passed for parameter 'canonicalName'.
e: file:///D:/智能错题本/core/database/src/main/kotlin/com/tingyun/smartmistakebook/core/database/RoomStudyDatabase.kt:2381:13 No value passed for parameter 'nodeKind'.
e: file:///D:/智能错题本/core/database/src/main/kotlin/com/tingyun/smartmistakebook/core/database/RoomStudyDatabase.kt:2381:13 No value passed for parameter 'granularity'.
e: file:///D:/智能错题本/core/database/src/main/kotlin/com/tingyun/smartmistakebook/core/database/RoomStudyDatabase.kt:2381:13 No value passed for parameter 'aliasesText'.
e: file:///D:/智能错题本/core/database/src/main/kotlin/com/tingyun/smartmistakebook/core/database/RoomStudyDatabase.kt:2381:13 No value passed for parameter 'boundaryMarkdown'.
e: file:///D:/智能错题本/core/database/src/main/kotlin/com/tingyun/smartmistakebook/core/database/RoomStudyDatabase.kt:2381:13 No value passed for parameter 'verificationStatus'.
e: file:///D:/智能错题本/core/database/src/main/kotlin/com/tingyun/smartmistakebook/core/database/RoomStudyDatabase.kt:2381:13 No value passed for parameter 'parentKnowledgeNodeId'.
e: file:///D:/智能错题本/core/database/src/main/kotlin/com/tingyun/smartmistakebook/core/database/RoomStudyDatabase.kt:2381:13 No value passed for parameter 'taxonomyVersion'.
e: file:///D:/智能错题本/core/database/src/main/kotlin/com/tingyun/smartmistakebook/core/database/RoomStudyDatabase.kt:2386:1 Modifier 'override' is not applicable to 'top level function'.
e: file:///D:/智能错题本/core/database/src/main/kotlin/com/tingyun/smartmistakebook/core/database/RoomStudyDatabase.kt:2387:12 Unresolved reference 'database'.
e: file:///D:/智能错题本/core/database/src/main/kotlin/com/tingyun/smartmistakebook/core/database/RoomStudyDatabase.kt:2390:1 Modifier 'override' is not applicable to 'top level function'.
e: file:///D:/智能错题本/core/database/src/main/kotlin/com/tingyun/smartmistakebook/core/database/RoomStudyDatabase.kt:2391:12 Unresolved reference 'database'.
e: file:///D:/智能错题本/core/database/src/main/kotlin/com/tingyun/smartmistakebook/core/database/RoomStudyDatabase.kt:2391:12 Return type mismatch: expected 'List<KnowledgeNodeRecord>', actual 'Flow<uninferred ??? (Unknown type for type parameter R)>'.
e: file:///D:/智能错题本/core/database/src/main/kotlin/com/tingyun/smartmistakebook/core/database/RoomStudyDatabase.kt:2391:68 Cannot infer type for type parameter 'T'. Specify it explicitly.
e: file:///D:/智能错题本/core/database/src/main/kotlin/com/tingyun/smartmistakebook/core/database/RoomStudyDatabase.kt:2391:68 Cannot infer type for type parameter 'R'. Specify it explicitly.
e: file:///D:/智能错题本/core/database/src/main/kotlin/com/tingyun/smartmistakebook/core/database/RoomStudyDatabase.kt:2391:72 Cannot infer type for type parameter 'T'. Specify it explicitly.
e: file:///D:/智能错题本/core/database/src/main/kotlin/com/tingyun/smartmistakebook/core/database/RoomStudyDatabase.kt:2394:1 Modifier 'override' is not applicable to 'top level function'.
e: file:///D:/智能错题本/core/database/src/main/kotlin/com/tingyun/smartmistakebook/core/database/RoomStudyDatabase.kt:2395:12 Unresolved reference 'database'.
e: file:///D:/智能错题本/core/database/src/main/kotlin/com/tingyun/smartmistakebook/core/database/RoomStudyDatabase.kt:2395:12 Return type mismatch: expected 'List<KnowledgeNodeRecord>', actual 'Flow<uninferred ??? (Unknown type for type parameter R)>'.
e: file:///D:/智能错题本/core/database/src/main/kotlin/com/tingyun/smartmistakebook/core/database/RoomStudyDatabase.kt:2395:83 Cannot infer type for type parameter 'T'. Specify it explicitly.
e: file:///D:/智能错题本/core/database/src/main/kotlin/com/tingyun/smartmistakebook/core/database/RoomStudyDatabase.kt:2395:83 Cannot infer type for type parameter 'R'. Specify it explicitly.
e: file:///D:/智能错题本/core/database/src/main/kotlin/com/tingyun/smartmistakebook/core/database/RoomStudyDatabase.kt:2395:87 Cannot infer type for type parameter 'T'. Specify it explicitly.
e: file:///D:/智能错题本/core/database/src/main/kotlin/com/tingyun/smartmistakebook/core/database/RoomStudyDatabase.kt:2398:1 Modifier 'override' is not applicable to 'top level function'.
e: file:///D:/智能错题本/core/database/src/main/kotlin/com/tingyun/smartmistakebook/core/database/RoomStudyDatabase.kt:2399:12 Unresolved reference 'database'.
e: file:///D:/智能错题本/core/database/src/main/kotlin/com/tingyun/smartmistakebook/core/database/RoomStudyDatabase.kt:2399:12 Return type mismatch: expected 'List<KnowledgeNodeRecord>', actual 'Flow<uninferred ??? (Unknown type for type parameter R)>'.
e: file:///D:/智能错题本/core/database/src/main/kotlin/com/tingyun/smartmistakebook/core/database/RoomStudyDatabase.kt:2399:79 Cannot infer type for type parameter 'T'. Specify it explicitly.
e: file:///D:/智能错题本/core/database/src/main/kotlin/com/tingyun/smartmistakebook/core/database/RoomStudyDatabase.kt:2399:79 Cannot infer type for type parameter 'R'. Specify it explicitly.
e: file:///D:/智能错题本/core/database/src/main/kotlin/com/tingyun/smartmistakebook/core/database/RoomStudyDatabase.kt:2399:83 Cannot infer type for type parameter 'T'. Specify it explicitly.
e: file:///D:/智能错题本/core/database/src/main/kotlin/com/tingyun/smartmistakebook/core/database/RoomStudyDatabase.kt:2402:1 Modifier 'override' is not applicable to 'top level function'.
e: file:///D:/智能错题本/core/database/src/main/kotlin/com/tingyun/smartmistakebook/core/database/RoomStudyDatabase.kt:2403:5 Unresolved reference 'database'.
e: file:///D:/智能错题本/core/database/src/main/kotlin/com/tingyun/smartmistakebook/core/database/RoomStudyDatabase.kt:2404:9 Unresolved reference 'KnowledgePointDetailEntity'.
e: file:///D:/智能错题本/core/database/src/main/kotlin/com/tingyun/smartmistakebook/core/database/RoomStudyDatabase.kt:2418:1 Modifier 'override' is not applicable to 'top level function'.
e: file:///D:/智能错题本/core/database/src/main/kotlin/com/tingyun/smartmistakebook/core/database/RoomStudyDatabase.kt:2419:12 Unresolved reference 'database'.
e: file:///D:/智能错题本/core/database/src/main/kotlin/com/tingyun/smartmistakebook/core/database/dao/KnowledgeGroundingDao.kt:443:9 Function 'upsertKnowledgeNode' must have a body.
e: file:///D:/智能错题本/core/database/src/main/kotlin/com/tingyun/smartmistakebook/core/database/dao/KnowledgeGroundingDao.kt:443:33 'public' function exposes its 'internal' parameter type 'KnowledgeNodeEntity'.
e: file:///D:/智能错题本/core/database/src/main/kotlin/com/tingyun/smartmistakebook/core/database/dao/KnowledgeGroundingDao.kt:446:9 Function 'getKnowledgeNode' must have a body.
e: file:///D:/智能错题本/core/database/src/main/kotlin/com/tingyun/smartmistakebook/core/database/dao/KnowledgeGroundingDao.kt:446:13 'public' function exposes its 'internal' return type 'KnowledgeNodeEntity'.
e: file:///D:/智能错题本/core/database/src/main/kotlin/com/tingyun/smartmistakebook/core/database/dao/KnowledgeGroundingDao.kt:449:9 Function 'getAllKnowledgeNodes' must have a body.
e: file:///D:/智能错题本/core/database/src/main/kotlin/com/tingyun/smartmistakebook/core/database/dao/KnowledgeGroundingDao.kt:449:13 'public' function exposes its 'internal' return type argument 'KnowledgeNodeEntity'.
e: file:///D:/智能错题本/core/database/src/main/kotlin/com/tingyun/smartmistakebook/core/database/dao/KnowledgeGroundingDao.kt:452:9 Function 'getKnowledgeNodesBySubject' must have a body.
e: file:///D:/智能错题本/core/database/src/main/kotlin/com/tingyun/smartmistakebook/core/database/dao/KnowledgeGroundingDao.kt:452:13 'public' function exposes its 'internal' return type argument 'KnowledgeNodeEntity'.
e: file:///D:/智能错题本/core/database/src/main/kotlin/com/tingyun/smartmistakebook/core/database/dao/KnowledgeGroundingDao.kt:455:9 Function 'getKnowledgeNodesByTopic' must have a body.
e: file:///D:/智能错题本/core/database/src/main/kotlin/com/tingyun/smartmistakebook/core/database/dao/KnowledgeGroundingDao.kt:455:13 'public' function exposes its 'internal' return type argument 'KnowledgeNodeEntity'.
e: file:///D:/智能错题本/core/database/src/main/kotlin/com/tingyun/smartmistakebook/core/database/dao/KnowledgeGroundingDao.kt:458:9 Function 'upsertKnowledgePointDetail' must have a body.
e: file:///D:/智能错题本/core/database/src/main/kotlin/com/tingyun/smartmistakebook/core/database/dao/KnowledgeGroundingDao.kt:458:48 Unresolved reference 'KnowledgePointDetailEntity'.
e: file:///D:/智能错题本/core/database/src/main/kotlin/com/tingyun/smartmistakebook/core/database/dao/KnowledgeGroundingDao.kt:461:9 Function 'getKnowledgePointDetail' must have a body.
e: file:///D:/智能错题本/core/database/src/main/kotlin/com/tingyun/smartmistakebook/core/database/dao/KnowledgeGroundingDao.kt:461:63 Unresolved reference 'KnowledgePointDetailEntity'.
e: file:///D:/智能错题本/core/database/src/main/kotlin/com/tingyun/smartmistakebook/core/database/dao/LearningDaoMappings.kt:561:29 No parameter with name 'isStudyDayTrusted' found.

> Task :core:database:compileDebugKotlin FAILED
> Task :core:database:copyRoomSchemas NO-SOURCE

FAILURE: Build failed with an exception.

* What went wrong:
Execution failed for task ':core:database:compileDebugKotlin' (registered by plugin 'com.android.internal.library').
> A failure occurred while executing org.jetbrains.kotlin.compilerRunner.btapi.BuildToolsApiCompilationWork
   > Compilation error. See log for more details

* Try:
> Run with --stacktrace option to get the stack trace.
> Run with --info or --debug option to get more log output.
> Run with --scan to get full insights from a Build Scan (powered by Develocity).
> Get more help at https://help.gradle.org.

BUILD FAILED in 50s
17 actionable tasks: 4 executed, 13 up-to-date
Configuration cache entry stored.
