Starting a Gradle Daemon (subsequent builds will be faster)
Calculating task graph as no cached configuration is available for tasks: :core:model:compileKotlin :core:domain:compileKotlin

> Configure project :app
WARNING: The option setting 'android.overridePathCheck=true' is experimental.
The current default is 'false'.
Add android.sync.suppressAgpWarnings=UNSUPPORTED_PROJECT_OPTION_USE to the gradle.properties file to suppress this warning.
WARNING: BuildType 'internal' is both debuggable and has 'isMinifyEnabled' set to true.
All code optimizations and obfuscation are disabled for debuggable builds.
Add android.sync.suppressAgpWarnings=DEBUGGABLE_AND_MINIFIED_ENABLED to the gradle.properties file to suppress this warning.
WARNING: BuildType 'internal' is both debuggable and has 'isMinifyEnabled' set to true.
All code optimizations and obfuscation are disabled for debuggable builds.
Add android.sync.suppressAgpWarnings=DEBUGGABLE_AND_MINIFIED_ENABLED to the gradle.properties file to suppress this warning.

> Task :core:model:checkKotlinGradlePluginConfigurationErrors SKIPPED
> Task :core:domain:checkKotlinGradlePluginConfigurationErrors SKIPPED
> Task :core:model:processResources NO-SOURCE
> Task :core:model:compileKotlin UP-TO-DATE
> Task :core:model:compileJava NO-SOURCE
> Task :core:model:classes UP-TO-DATE
> Task :core:model:jar UP-TO-DATE
> Task :core:domain:compileKotlin UP-TO-DATE

BUILD SUCCESSFUL in 11s
3 actionable tasks: 3 up-to-date
Configuration cache entry stored.
