To honour the JVM settings for this build a single-use Daemon process will be forked. For more on this, please refer to https://docs.gradle.org/9.6.1/userguide/gradle_daemon.html#sec:disabling_the_daemon in the Gradle documentation.
Daemon will be stopped at the end of the build 

> Configure project :app
WARNING: The option setting 'android.overridePathCheck=true' is experimental.
The current default is 'false'.
Add android.sync.suppressAgpWarnings=UNSUPPORTED_PROJECT_OPTION_USE to the gradle.properties file to suppress this warning.

> Task :core:model:checkKotlinGradlePluginConfigurationErrors SKIPPED
> Task :core:model:compileKotlin
> Task :core:model:compileJava UP-TO-DATE
> Task :core:model:processResources NO-SOURCE
> Task :core:model:classes UP-TO-DATE
> Task :core:model:jar
> Task :core:learner-mastery-database:preBuild UP-TO-DATE
> Task :core:learner-mastery-database:preDebugBuild UP-TO-DATE
> Task :core:learner-mastery-database:generateDebugResources UP-TO-DATE
> Task :core:learner-mastery-database:packageDebugResources UP-TO-DATE
> Task :core:learner-mastery-database:processDebugNavigationResources UP-TO-DATE
> Task :core:learner-mastery-database:parseDebugLocalResources UP-TO-DATE
> Task :core:learner-mastery-database:generateDebugRFile UP-TO-DATE
> Task :core:learner-mastery-database:kspDebugKotlin

> Task :core:learner-mastery-database:compileDebugKotlin
w: file:///T:/core/learner-mastery-database/src/main/kotlin/com/tingyun/smartmistakebook/core/mastery/database/LearnerMasteryContracts.kt:618:52 This class is not recommended for use in Kotlin. Use 'kotlin.Any' instead.
w: file:///T:/core/learner-mastery-database/src/main/kotlin/com/tingyun/smartmistakebook/core/mastery/database/LearnerMasteryContracts.kt:651:56 This class is not recommended for use in Kotlin. Use 'kotlin.Any' instead.

> Task :core:learner-mastery-database:javaPreCompileDebug UP-TO-DATE
> Task :core:learner-mastery-database:compileDebugJavaWithJavac UP-TO-DATE
> Task :core:learner-mastery-database:bundleLibCompileToJarDebug UP-TO-DATE
> Task :core:learner-mastery-database:preDebugAndroidTestBuild UP-TO-DATE
> Task :core:learner-mastery-database:generateDebugAndroidTestResources UP-TO-DATE
> Task :core:learner-mastery-database:packageDebugAndroidTestResources UP-TO-DATE
> Task :core:learner-mastery-database:processDebugAndroidTestNavigationResources UP-TO-DATE
> Task :core:learner-mastery-database:parseDebugAndroidTestLocalResources UP-TO-DATE
> Task :core:learner-mastery-database:generateDebugAndroidTestRFile UP-TO-DATE
> Task :core:learner-mastery-database:kspDebugAndroidTestKotlin SKIPPED
> Task :core:learner-mastery-database:compileDebugAndroidTestKotlin
> Task :core:learner-mastery-database:javaPreCompileDebugAndroidTest
> Task :core:learner-mastery-database:compileDebugAndroidTestJavaWithJavac NO-SOURCE
> Task :core:learner-mastery-database:copyRoomSchemas NO-SOURCE
> Task :core:learner-mastery-database:copyRoomSchemasToAndroidTestAssetsDebugAndroidTest
> Task :core:learner-mastery-database:generateDebugAndroidTestAssets UP-TO-DATE
> Task :core:learner-mastery-database:generateDebugAssets UP-TO-DATE
> Task :core:learner-mastery-database:mergeDebugAssets
> Task :core:learner-mastery-database:mergeDebugAndroidTestAssets
> Task :core:learner-mastery-database:compressDebugAndroidTestAssets
> Task :core:learner-mastery-database:generateDebugAndroidTestGlobalSynthetics
> Task :core:learner-mastery-database:l8DexDesugarLibDebugAndroidTest
> Task :core:learner-mastery-database:processDebugAndroidTestJavaRes
> Task :core:learner-mastery-database:processDebugJavaRes UP-TO-DATE
> Task :core:learner-mastery-database:mergeDebugAndroidTestJavaResource
> Task :core:learner-mastery-database:checkDebugAndroidTestDuplicateClasses
> Task :core:learner-mastery-database:desugarDebugAndroidTestFileDependencies
> Task :core:learner-mastery-database:mergeExtDexDebugAndroidTest
> Task :core:learner-mastery-database:bundleLibRuntimeToJarDebug UP-TO-DATE
> Task :core:learner-mastery-database:mergeLibDexDebugAndroidTest
> Task :core:learner-mastery-database:writeDebugAarMetadata
> Task :core:learner-mastery-database:checkDebugAndroidTestAarMetadata
> Task :core:learner-mastery-database:mapDebugAndroidTestSourceSetPaths
> Task :core:learner-mastery-database:compileDebugAndroidTestNavigationResources
> Task :core:learner-mastery-database:mapDebugSourceSetPaths
> Task :core:learner-mastery-database:compileDebugLibraryResources
> Task :core:learner-mastery-database:mergeDebugAndroidTestResources
> Task :core:learner-mastery-database:extractDeepLinksDebug
> Task :core:learner-mastery-database:processDebugManifest
> Task :core:learner-mastery-database:mergeDebugAndroidTestManifest
> Task :core:learner-mastery-database:processDebugAndroidTestManifest
> Task :core:learner-mastery-database:processDebugAndroidTestResources
> Task :core:learner-mastery-database:dexBuilderDebugAndroidTest
> Task :core:learner-mastery-database:mergeProjectDexDebugAndroidTest
> Task :core:learner-mastery-database:mergeDebugJniLibFolders
> Task :core:learner-mastery-database:mergeDebugNativeLibs NO-SOURCE
> Task :core:learner-mastery-database:copyDebugJniLibsProjectOnly
> Task :core:learner-mastery-database:mergeDebugAndroidTestJniLibFolders
> Task :core:learner-mastery-database:mergeDebugAndroidTestNativeLibs NO-SOURCE
> Task :core:learner-mastery-database:stripDebugAndroidTestDebugSymbols NO-SOURCE
> Task :core:learner-mastery-database:validateSigningDebugAndroidTest
> Task :core:learner-mastery-database:writeDebugAndroidTestSigningConfigVersions
> Task :core:learner-mastery-database:packageDebugAndroidTest
> Task :core:learner-mastery-database:createDebugAndroidTestApkListingFileRedirect
Starting 10 tests on smart_mistake_book_api_36(AVD) - 16
smart_mistake_book_api_36(AVD) - 16 Tests 2/10 completed. (0 skipped) (0 failed)
> Task :core:learner-mastery-database:connectedDebugAndroidTest

smart_mistake_book_api_36(AVD) - 16 Tests 4/10 completed. (0 skipped) (0 failed)
smart_mistake_book_api_36(AVD) - 16 Tests 10/10 completed. (0 skipped) (0 failed)
Finished 10 tests on smart_mistake_book_api_36(AVD) - 16

BUILD SUCCESSFUL in 2m 21s
56 actionable tasks: 40 executed, 16 up-to-date
